• turbo 2.7.2
• Packages in scope: @cipansor/shared, api, web
• Running build in 3 packages
• Remote caching disabled
@cipansor/shared:build: cache hit, replaying logs 26e79835fbe93fbd
@cipansor/shared:build:
@cipansor/shared:build: > @cipansor/shared@1.0.0 build /app/packages/shared
@cipansor/shared:build: > tsc
@cipansor/shared:build:
web:build: cache miss, executing 34da6b442a49fe08
api:build: cache miss, executing af471757a894b19e
web:build:
web:build: > web@0.1.0 build /app/apps/web
web:build: > next build
web:build:
api:build:
api:build: > api@1.0.0 build /app/apps/api
api:build: > tsc -p tsconfig.build.json
api:build:
web:build: [@sentry/nextjs] WARNING: You are using the Sentry SDK with `next build --turbo`. The Sentry SDK doesn't yet fully support Turbopack. The SDK will not be loaded in the browser, and serverside instrumentation will be inaccurate or incomplete. If you are just trying out Sentry or attempting to configure the SDK, we recommend temporarily removing the `--turbo` flag while you are developing locally. Follow this issue for progress on Sentry + Turbopack: https://github.com/getsentry/sentry-javascript/issues/8105. (You can suppress this warning by setting SENTRY_SUPPRESS_TURBOPACK_WARNING=1 as environment variable)
web:build:    ▲ Next.js 16.0.10 (Turbopack)
web:build:    - Experiments (use with caution):
web:build:      · clientTraceMetadata
web:build:
web:build:    Creating an optimized production build ...
web:build: [@sentry/nextjs] WARNING: You are using the Sentry SDK with `next build --turbo`. The Sentry SDK doesn't yet fully support Turbopack. The SDK will not be loaded in the browser, and serverside instrumentation will be inaccurate or incomplete. If you are just trying out Sentry or attempting to configure the SDK, we recommend temporarily removing the `--turbo` flag while you are developing locally. Follow this issue for progress on Sentry + Turbopack: https://github.com/getsentry/sentry-javascript/issues/8105. (You can suppress this warning by setting SENTRY_SUPPRESS_TURBOPACK_WARNING=1 as environment variable)
api:build: src/modules/announcements/service.ts(71,45): error TS2353: Object literal may only specify known properties, and 'code' does not exist in type 'UnitSelect<DefaultArgs>'.
api:build: src/modules/announcements/service.ts(100,43): error TS2353: Object literal may only specify known properties, and 'code' does not exist in type 'UnitSelect<DefaultArgs>'.
api:build: src/modules/announcements/service.ts(125,43): error TS2353: Object literal may only specify known properties, and 'code' does not exist in type 'UnitSelect<DefaultArgs>'.
api:build: src/modules/announcements/service.ts(140,43): error TS2353: Object literal may only specify known properties, and 'code' does not exist in type 'UnitSelect<DefaultArgs>'.
api:build: src/modules/announcements/service.ts(213,43): error TS2353: Object literal may only specify known properties, and 'code' does not exist in type 'UnitSelect<DefaultArgs>'.
api:build: src/modules/assessment/p5-project.controller.ts(17,63): error TS2339: Property 'id' does not exist on type 'JwtPayload'.
api:build: src/modules/assessment/p5-project.controller.ts(73,31): error TS2339: Property 'id' does not exist on type 'JwtPayload'.
api:build: src/modules/assessment/p5-project.controller.ts(86,31): error TS2339: Property 'id' does not exist on type 'JwtPayload'.
api:build: src/modules/assignments/assignments.routes.ts(19,13): error TS2345: Argument of type 'string[]' is not assignable to parameter of type 'UserRole'.
api:build: src/modules/assignments/assignments.routes.ts(25,13): error TS2345: Argument of type 'string[]' is not assignable to parameter of type 'UserRole'.
api:build: src/modules/assignments/assignments.routes.ts(31,13): error TS2345: Argument of type 'string[]' is not assignable to parameter of type 'UserRole'.
api:build: src/modules/assignments/assignments.routes.ts(36,13): error TS2345: Argument of type 'string[]' is not assignable to parameter of type 'UserRole'.
api:build: src/modules/assignments/assignments.routes.ts(41,13): error TS2345: Argument of type 'string[]' is not assignable to parameter of type 'UserRole'.
api:build: src/modules/assignments/assignments.routes.ts(49,13): error TS2345: Argument of type 'string[]' is not assignable to parameter of type 'UserRole'.
api:build: src/modules/assignments/assignments.service.ts(258,43): error TS2353: Object literal may only specify known properties, and 'photoUrl' does not exist in type 'UserSelect<DefaultArgs>'.
api:build: src/modules/assignments/assignments.service.ts(268,15): error TS2551: Property 'student' does not exist on type '{ grade: Decimal; id: string; createdAt: Date; updatedAt: Date; status: SubmissionStatus; studentId: string; attachments: JsonValue; assignmentId: string; content: string; submittedAt: Date; feedback: string; }'. Did you mean 'studentId'?
api:build: src/modules/assignments/assignments.service.ts(269,16): error TS2551: Property 'student' does not exist on type '{ grade: Decimal; id: string; createdAt: Date; updatedAt: Date; status: SubmissionStatus; studentId: string; attachments: JsonValue; assignmentId: string; content: string; submittedAt: Date; feedback: string; }'. Did you mean 'studentId'?
api:build: src/modules/assignments/assignments.service.ts(270,17): error TS2551: Property 'student' does not exist on type '{ grade: Decimal; id: string; createdAt: Date; updatedAt: Date; status: SubmissionStatus; studentId: string; attachments: JsonValue; assignmentId: string; content: string; submittedAt: Date; feedback: string; }'. Did you mean 'studentId'?
api:build: src/modules/assignments/assignments.service.ts(271,21): error TS2551: Property 'student' does not exist on type '{ grade: Decimal; id: string; createdAt: Date; updatedAt: Date; status: SubmissionStatus; studentId: string; attachments: JsonValue; assignmentId: string; content: string; submittedAt: Date; feedback: string; }'. Did you mean 'studentId'?
api:build: src/modules/auth/auth.service.ts(7,20): error TS2305: Module '"@prisma/client"' has no exported member 'RoleCode'.
api:build: src/modules/auth/auth.service.ts(8,10): error TS2305: Module '"otplib"' has no exported member 'authenticator'.
api:build: src/modules/cbt/cbt.routes.ts(12,13): error TS2345: Argument of type 'string[]' is not assignable to parameter of type 'UserRole'.
api:build: src/modules/cbt/cbt.routes.ts(18,13): error TS2345: Argument of type 'string[]' is not assignable to parameter of type 'UserRole'.
api:build: src/modules/cbt/cbt.routes.ts(24,13): error TS2345: Argument of type 'string[]' is not assignable to parameter of type 'UserRole'.
api:build: src/modules/cbt/cbt.routes.ts(30,13): error TS2345: Argument of type 'string[]' is not assignable to parameter of type 'UserRole'.
api:build: src/modules/cbt/cbt.routes.ts(38,13): error TS2345: Argument of type 'string[]' is not assignable to parameter of type 'UserRole'.
api:build: src/modules/cbt/cbt.routes.ts(44,13): error TS2345: Argument of type 'string[]' is not assignable to parameter of type 'UserRole'.
api:build: src/modules/cbt/cbt.routes.ts(50,13): error TS2345: Argument of type 'string[]' is not assignable to parameter of type 'UserRole'.
api:build: src/modules/cbt/cbt.routes.ts(57,61): error TS2345: Argument of type 'string[]' is not assignable to parameter of type 'UserRole'.
api:build: src/modules/cbt/cbt.routes.ts(60,60): error TS2345: Argument of type 'string[]' is not assignable to parameter of type 'UserRole'.
api:build: src/modules/cbt/cbt.routes.ts(66,13): error TS2345: Argument of type 'string[]' is not assignable to parameter of type 'UserRole'.
api:build: src/modules/cbt/cbt.routes.ts(74,13): error TS2345: Argument of type 'string[]' is not assignable to parameter of type 'UserRole'.
api:build: src/modules/cbt/cbt.service.ts(63,9): error TS2561: Object literal may only specify known properties, but 'teacherRel' does not exist in type 'QuestionBankInclude<DefaultArgs>'. Did you mean to write 'teacher'?
api:build: src/modules/cbt/cbt.service.ts(76,9): error TS2561: Object literal may only specify known properties, but 'teacherRel' does not exist in type 'QuestionBankInclude<DefaultArgs>'. Did you mean to write 'teacher'?
api:build: src/modules/correspondence/correspondence.controller.ts(11,83): error TS2339: Property 'id' does not exist on type 'JwtPayload'.
api:build: src/modules/correspondence/correspondence.controller.ts(30,27): error TS2339: Property 'id' does not exist on type 'JwtPayload'.
api:build: src/modules/correspondence/correspondence.controller.ts(53,19): error TS2339: Property 'id' does not exist on type 'JwtPayload'.
api:build: src/modules/correspondence/correspondence.controller.ts(67,29): error TS2339: Property 'id' does not exist on type 'JwtPayload'.
api:build: src/modules/correspondence/correspondence.controller.ts(82,19): error TS2339: Property 'id' does not exist on type 'JwtPayload'.
api:build: src/modules/correspondence/correspondence.service.ts(365,12): error TS2304: Cannot find name 'result'.
api:build: src/modules/finance-enhancement/finance-enhancement.controller.ts(22,3): error TS2305: Module '"./reporting.service"' has no exported member 'getBudgetRealizationReport'.
api:build: src/modules/finance-enhancement/finance-enhancement.controller.ts(133,20): error TS2304: Cannot find name 'CreateManualJournalInput'.
api:build: src/modules/finance-enhancement/finance-enhancement.controller.ts(136,39): error TS2339: Property 'createManualJournal' does not exist on type 'FinanceEnhancementService'.
api:build: src/modules/finance-enhancement/finance-enhancement.service.ts(490,7): error TS2322: Type '{ code: string; name: string; type: string; debit: number; credit: number; }[]' is not assignable to type 'TrialBalanceItem[]'.
api:build:   Type '{ code: string; name: string; type: string; debit: number; credit: number; }' is missing the following properties from type 'TrialBalanceItem': accountId, startBalance, endBalance
api:build: src/modules/finance-enhancement/finance-enhancement.service.ts(491,7): error TS2739: Type '{ debit: number; credit: number; }' is missing the following properties from type '{ startBalance: number; debit: number; credit: number; endBalance: number; }': startBalance, endBalance
api:build: src/modules/finance/accounting.controller.ts(21,49): error TS2345: Argument of type '{ type?: string; code?: string; name?: string; isActive?: boolean; parentId?: string; normalBalance?: "DEBIT" | "CREDIT"; cashFlowCategory?: string; }' is not assignable to parameter of type '{ code: string; name: string; type: string; normalBalance: string; parentId?: string; cashFlowCategory?: string; isActive?: boolean; }'.
api:build:   Property 'code' is optional in type '{ type?: string; code?: string; name?: string; isActive?: boolean; parentId?: string; normalBalance?: "DEBIT" | "CREDIT"; cashFlowCategory?: string; }' but required in type '{ code: string; name: string; type: string; normalBalance: string; parentId?: string; cashFlowCategory?: string; isActive?: boolean; }'.
api:build: src/modules/finance/accounting.controller.ts(83,30): error TS2339: Property 'id' does not exist on type 'JwtPayload'.
api:build: src/modules/finance/accounting.controller.ts(88,56): error TS2345: Argument of type '{ date: Date; createdById: any; unitId?: string; entries?: { accountId?: string; debit?: number; credit?: number; }[]; description?: string; }' is not assignable to parameter of type '{ unitId: string; date: Date; description: string; entries: { accountId: string; debit: number; credit: number; }[]; createdById: string; }'.
api:build:   Property 'unitId' is optional in type '{ date: Date; createdById: any; unitId?: string; entries?: { accountId?: string; debit?: number; credit?: number; }[]; description?: string; }' but required in type '{ unitId: string; date: Date; description: string; entries: { accountId: string; debit: number; credit: number; }[]; createdById: string; }'.
api:build: src/modules/finance/accounting.service.ts(2,31): error TS2305: Module '"@prisma/client"' has no exported member 'JournalReferenceType'.
api:build: src/modules/health/service.ts(221,29): error TS2339: Property 'unitId' does not exist on type '{ user: { id: string; name: string; }; id: string; nis: string; }'.
api:build: src/modules/health/service.ts(222,31): error TS2339: Property 'unit' does not exist on type '{ user: { id: string; name: string; }; id: string; nis: string; }'.
api:build: src/modules/hr/contracts.controller.ts(3,10): error TS2614: Module '"@/utils/response"' has no exported member 'sendResponse'. Did you mean to use 'import sendResponse from "@/utils/response"' instead?
api:build: src/modules/hr/contracts.controller.ts(4,10): error TS2724: '"@/middleware/error"' has no exported member named 'AppError'. Did you mean 'ApiError'?
api:build: src/modules/hr/contracts.service.ts(76,9): error TS2353: Object literal may only specify known properties, and 'page' does not exist in type '{ pagination: Pagination; }'.
api:build: src/modules/hr/departments.controller.ts(3,10): error TS2614: Module '"@/utils/response"' has no exported member 'sendResponse'. Did you mean to use 'import sendResponse from "@/utils/response"' instead?
api:build: src/modules/hr/departments.controller.ts(4,10): error TS2724: '"@/middleware/error"' has no exported member named 'AppError'. Did you mean 'ApiError'?
api:build: src/modules/hr/departments.service.ts(84,9): error TS2353: Object literal may only specify known properties, and 'page' does not exist in type '{ pagination: Pagination; }'.
api:build: src/modules/hr/employee-documents.controller.ts(19,59): error TS2345: Argument of type '{ type?: "LAINNYA" | "KTP" | "KK" | "NPWP" | "IJAZAH" | "TRANSKRIP_NILAI" | "SERTIFIKAT" | "SK_PENGANGKATAN" | "KONTRAK_KERJA" | "CV"; name?: string; userId?: string; notes?: string; expiryDate?: Date; fileUrl?: string; }' is not assignable to parameter of type '{ userId: string; name: string; type: EmployeeDocumentType; fileUrl: string; expiryDate?: Date; notes?: string; }'.
api:build:   Property 'userId' is optional in type '{ type?: "LAINNYA" | "KTP" | "KK" | "NPWP" | "IJAZAH" | "TRANSKRIP_NILAI" | "SERTIFIKAT" | "SK_PENGANGKATAN" | "KONTRAK_KERJA" | "CV"; name?: string; userId?: string; notes?: string; expiryDate?: Date; fileUrl?: string; }' but required in type '{ userId: string; name: string; type: EmployeeDocumentType; fileUrl: string; expiryDate?: Date; notes?: string; }'.
api:build: src/modules/hr/employment-history.controller.ts(21,60): error TS2345: Argument of type '{ userId?: string; notes?: string; action?: "TRANSFERRED" | "TERMINATED" | "HIRED" | "PROMOTED" | "DEMOTED" | "RESIGNED" | "RETIRED" | "SALARY_ADJUSTMENT"; previousPosition?: string; newPosition?: string; previousDepartment?: string; newDepartment?: string; effectiveDate?: Date; }' is not assignable to parameter of type '{ userId: string; action: EmploymentAction; previousPosition?: string; newPosition: string; previousDepartment?: string; newDepartment?: string; effectiveDate: Date; notes?: string; }'.
api:build:   Property 'userId' is optional in type '{ userId?: string; notes?: string; action?: "TRANSFERRED" | "TERMINATED" | "HIRED" | "PROMOTED" | "DEMOTED" | "RESIGNED" | "RETIRED" | "SALARY_ADJUSTMENT"; previousPosition?: string; newPosition?: string; previousDepartment?: string; newDepartment?: string; effectiveDate?: Date; }' but required in type '{ userId: string; action: EmploymentAction; previousPosition?: string; newPosition: string; previousDepartment?: string; newDepartment?: string; effectiveDate: Date; notes?: string; }'.
api:build: src/modules/hr/leave-balances.controller.ts(3,10): error TS2614: Module '"@/utils/response"' has no exported member 'sendResponse'. Did you mean to use 'import sendResponse from "@/utils/response"' instead?
api:build: src/modules/hr/leave-balances.controller.ts(4,10): error TS2724: '"@/middleware/error"' has no exported member named 'AppError'. Did you mean 'ApiError'?
api:build: src/modules/inventory/service.ts(2,10): error TS2300: Duplicate identifier 'createNotification'.
api:build: src/modules/inventory/service.ts(11,10): error TS2300: Duplicate identifier 'createNotification'.
api:build: src/modules/inventory/service.ts(356,9): error TS2322: Type 'number' is not assignable to type '"LOW" | "NORMAL" | "HIGH" | "URGENT"'.
api:build: src/modules/inventory/service.ts(357,20): error TS2322: Type '"APP"' is not assignable to type '"IN_APP" | "EMAIL" | "SMS" | "PUSH" | "WHATSAPP"'.
api:build: src/modules/inventory/service.ts(358,9): error TS2322: Type '"UNIT_ADMIN"' is not assignable to type '"INDIVIDUAL" | "ALL" | "UNIT" | "CLASS" | "ROLE"'.
api:build: src/modules/library/service.ts(203,30): error TS2353: Object literal may only specify known properties, and 'name' does not exist in type 'StudentSelect<DefaultArgs>'.
api:build: src/modules/library/service.ts(269,30): error TS2353: Object literal may only specify known properties, and 'name' does not exist in type 'StudentSelect<DefaultArgs>'.
api:build: src/modules/marketing/routes.ts(14,65): error TS2339: Property 'YAYASAN_ADMIN' does not exist on type '{ SUPER_ADMIN: "SUPER_ADMIN"; UNIT_ADMIN: "UNIT_ADMIN"; TEACHER: "TEACHER"; STAFF: "STAFF"; STUDENT: "STUDENT"; PARENT: "PARENT"; }'.
api:build: src/modules/marketing/routes.ts(19,65): error TS2339: Property 'YAYASAN_ADMIN' does not exist on type '{ SUPER_ADMIN: "SUPER_ADMIN"; UNIT_ADMIN: "UNIT_ADMIN"; TEACHER: "TEACHER"; STAFF: "STAFF"; STUDENT: "STUDENT"; PARENT: "PARENT"; }'.
api:build: src/modules/marketing/routes.ts(36,65): error TS2339: Property 'YAYASAN_ADMIN' does not exist on type '{ SUPER_ADMIN: "SUPER_ADMIN"; UNIT_ADMIN: "UNIT_ADMIN"; TEACHER: "TEACHER"; STAFF: "STAFF"; STUDENT: "STUDENT"; PARENT: "PARENT"; }'.
api:build: src/modules/marketing/routes.ts(41,65): error TS2339: Property 'YAYASAN_ADMIN' does not exist on type '{ SUPER_ADMIN: "SUPER_ADMIN"; UNIT_ADMIN: "UNIT_ADMIN"; TEACHER: "TEACHER"; STAFF: "STAFF"; STUDENT: "STUDENT"; PARENT: "PARENT"; }'.
api:build: src/modules/marketing/service.ts(7,5): error TS2322: Type '{ createdById: string; unitId?: string; budget?: number; code?: string; name?: string; description?: string; startDate?: string; endDate?: string; }' is not assignable to type '(Without<MarketingCampaignCreateInput, MarketingCampaignUncheckedCreateInput> & MarketingCampaignUncheckedCreateInput) | (Without<...> & MarketingCampaignCreateInput)'.
api:build:   Type '{ createdById: string; unitId?: string; budget?: number; code?: string; name?: string; description?: string; startDate?: string; endDate?: string; }' is not assignable to type 'Without<MarketingCampaignUncheckedCreateInput, MarketingCampaignCreateInput> & MarketingCampaignCreateInput'.
api:build:     Type '{ createdById: string; unitId?: string; budget?: number; code?: string; name?: string; description?: string; startDate?: string; endDate?: string; }' is not assignable to type 'Without<MarketingCampaignUncheckedCreateInput, MarketingCampaignCreateInput>'.
api:build:       Types of property 'unitId' are incompatible.
api:build:         Type 'string' is not assignable to type 'never'.
api:build: src/modules/marketing/service.ts(60,5): error TS2322: Type '{ recordedById: string; date?: string; type?: string; notes?: string; registrantId?: string; nextActionDate?: string; }' is not assignable to type '(Without<MarketingInteractionCreateInput, MarketingInteractionUncheckedCreateInput> & MarketingInteractionUncheckedCreateInput) | (Without<...> & MarketingInteractionCreateInput)'.
api:build:   Type '{ recordedById: string; date?: string; type?: string; notes?: string; registrantId?: string; nextActionDate?: string; }' is not assignable to type 'Without<MarketingInteractionUncheckedCreateInput, MarketingInteractionCreateInput> & MarketingInteractionCreateInput'.
api:build:     Type '{ recordedById: string; date?: string; type?: string; notes?: string; registrantId?: string; nextActionDate?: string; }' is not assignable to type 'Without<MarketingInteractionUncheckedCreateInput, MarketingInteractionCreateInput>'.
api:build:       Types of property 'recordedById' are incompatible.
api:build:         Type 'string' is not assignable to type 'never'.
api:build: src/modules/messages/messages.service.ts(42,19): error TS2345: Argument of type '"message:sent"' is not assignable to parameter of type 'keyof AppEvents'.
api:build: src/modules/permits/service.ts(325,64): error TS2353: Object literal may only specify known properties, and 'photoUrl' does not exist in type 'UserSelect<DefaultArgs>'.
api:build: src/modules/procurement/procurement.controller.ts(158,9): error TS2322: Type '{ notes?: string; roomId?: string; itemId?: string; condition?: "GOOD" | "FAIR" | "POOR"; quantityReceived?: number; actualPrice?: number; }[]' is not assignable to type 'FulfillPurchaseRequestItemInput[]'.
api:build:   Type '{ notes?: string; roomId?: string; itemId?: string; condition?: "GOOD" | "FAIR" | "POOR"; quantityReceived?: number; actualPrice?: number; }' is not assignable to type 'FulfillPurchaseRequestItemInput'.
api:build:     Property 'itemId' is optional in type '{ notes?: string; roomId?: string; itemId?: string; condition?: "GOOD" | "FAIR" | "POOR"; quantityReceived?: number; actualPrice?: number; }' but required in type 'FulfillPurchaseRequestItemInput'.
api:build: src/modules/psb/service.ts(338,38): error TS2353: Object literal may only specify known properties, and 'endDate' does not exist in type '(Without<ClassEnrollmentUpdateManyMutationInput, ClassEnrollmentUncheckedUpdateManyInput> & ClassEnrollmentUncheckedUpdateManyInput) | (Without<...> & ClassEnrollmentUpdateManyMutationInput)'.
api:build: src/modules/rapor-pesantren/rapor-pesantren.service.ts(930,17): error TS2339: Property 'unit' does not exist on type '{ academicYear: { id: string; name: string; isActive: boolean; createdAt: Date; updatedAt: Date; deletedAt: Date; startDate: Date; endDate: Date; }; student: { ...; } & { ...; }; } & { ...; }'.
api:build: src/modules/rapor-pesantren/rapor-pesantren.service.ts(931,19): error TS2339: Property 'unit' does not exist on type '{ academicYear: { id: string; name: string; isActive: boolean; createdAt: Date; updatedAt: Date; deletedAt: Date; startDate: Date; endDate: Date; }; student: { ...; } & { ...; }; } & { ...; }'.
api:build: src/modules/rapor-pesantren/rapor-pesantren.service.ts(932,22): error TS2339: Property 'unit' does not exist on type '{ academicYear: { id: string; name: string; isActive: boolean; createdAt: Date; updatedAt: Date; deletedAt: Date; startDate: Date; endDate: Date; }; student: { ...; } & { ...; }; } & { ...; }'.
api:build: src/modules/rapor-pesantren/rapor-pesantren.service.ts(933,20): error TS2339: Property 'unit' does not exist on type '{ academicYear: { id: string; name: string; isActive: boolean; createdAt: Date; updatedAt: Date; deletedAt: Date; startDate: Date; endDate: Date; }; student: { ...; } & { ...; }; } & { ...; }'.
api:build: src/modules/rapor-pesantren/rapor-pesantren.service.ts(934,20): error TS2339: Property 'unit' does not exist on type '{ academicYear: { id: string; name: string; isActive: boolean; createdAt: Date; updatedAt: Date; deletedAt: Date; startDate: Date; endDate: Date; }; student: { ...; } & { ...; }; } & { ...; }'.
api:build: src/modules/rapor-pesantren/rapor-pesantren.service.ts(935,22): error TS2339: Property 'unit' does not exist on type '{ academicYear: { id: string; name: string; isActive: boolean; createdAt: Date; updatedAt: Date; deletedAt: Date; startDate: Date; endDate: Date; }; student: { ...; } & { ...; }; } & { ...; }'.
api:build: src/modules/rapor-pesantren/rapor-pesantren.service.ts(936,22): error TS2339: Property 'unit' does not exist on type '{ academicYear: { id: string; name: string; isActive: boolean; createdAt: Date; updatedAt: Date; deletedAt: Date; startDate: Date; endDate: Date; }; student: { ...; } & { ...; }; } & { ...; }'.
api:build: src/modules/reception/reception.controller.ts(49,40): error TS2339: Property 'id' does not exist on type 'JwtPayload'.
api:build: src/modules/reception/reception.controller.ts(52,83): error TS2339: Property 'id' does not exist on type 'JwtPayload'.
api:build: src/modules/reception/reception.controller.ts(84,31): error TS2322: Type '{ unitId: string; id: string; createdAt: Date; updatedAt: Date; status: VisitStatus; studentId: string; notes: string; relation: string; checkIn: Date; checkOut: Date; purpose: string; visitorName: string; }[]' is not assignable to type 'StudentVisit[]'.
api:build:   Type '{ unitId: string; id: string; createdAt: Date; updatedAt: Date; status: VisitStatus; studentId: string; notes: string; relation: string; checkIn: Date; checkOut: Date; purpose: string; visitorName: string; }' is missing the following properties from type 'StudentVisit': relationship, needs
api:build: src/modules/reception/reception.controller.ts(100,43): error TS2739: Type '{ unitId: string; id: string; createdAt: Date; updatedAt: Date; status: VisitStatus; studentId: string; notes: string; relation: string; checkIn: Date; checkOut: Date; purpose: string; visitorName: string; }' is missing the following properties from type 'StudentVisit': relationship, needs
api:build: src/modules/reception/reception.controller.ts(113,31): error TS2739: Type '{ unitId: string; id: string; createdAt: Date; updatedAt: Date; status: VisitStatus; studentId: string; notes: string; relation: string; checkIn: Date; checkOut: Date; purpose: string; visitorName: string; }' is missing the following properties from type 'StudentVisit': relationship, needs
api:build: src/modules/reception/reception.controller.ts(131,31): error TS2322: Type '{ unitId: string; id: string; description: string; createdAt: Date; updatedAt: Date; status: PackageStatus; photoUrl: string; studentId: string; notes: string; receivedAt: Date; ... 4 more ...; deliveredTo: string; }[]' is not assignable to type 'StudentPackage[]'.
api:build:   Type '{ unitId: string; id: string; description: string; createdAt: Date; updatedAt: Date; status: PackageStatus; photoUrl: string; studentId: string; notes: string; receivedAt: Date; ... 4 more ...; deliveredTo: string; }' is missing the following properties from type 'StudentPackage': expedition, content
api:build: src/modules/reception/reception.controller.ts(143,40): error TS2339: Property 'id' does not exist on type 'JwtPayload'.
api:build: src/modules/reception/reception.controller.ts(146,81): error TS2339: Property 'id' does not exist on type 'JwtPayload'.
api:build: src/modules/reception/reception.controller.ts(147,43): error TS2739: Type '{ unitId: string; id: string; description: string; createdAt: Date; updatedAt: Date; status: PackageStatus; photoUrl: string; studentId: string; notes: string; receivedAt: Date; ... 4 more ...; deliveredTo: string; }' is missing the following properties from type 'StudentPackage': expedition, content
api:build: src/modules/reception/reception.controller.ts(160,31): error TS2739: Type '{ unitId: string; id: string; description: string; createdAt: Date; updatedAt: Date; status: PackageStatus; photoUrl: string; studentId: string; notes: string; receivedAt: Date; ... 4 more ...; deliveredTo: string; }' is missing the following properties from type 'StudentPackage': expedition, content
api:build: src/modules/reception/reception.service.ts(37,29): error TS2339: Property 'CHECKED_IN' does not exist on type 'typeof VisitStatus'.
api:build: src/modules/reception/reception.service.ts(157,11): error TS2353: Object literal may only specify known properties, and 'name' does not exist in type 'StudentSelect<DefaultArgs>'.
api:build: src/modules/reception/reception.service.ts(185,22): error TS2339: Property 'relation' does not exist on type 'CreateStudentVisitInput'.
api:build: src/modules/reception/reception.service.ts(186,21): error TS2339: Property 'purpose' does not exist on type 'CreateStudentVisitInput'.
api:build: src/modules/reception/reception.service.ts(188,27): error TS2339: Property 'CHECKED_IN' does not exist on type 'typeof VisitStatus'.
api:build: src/modules/reception/reception.service.ts(194,11): error TS2353: Object literal may only specify known properties, and 'name' does not exist in type 'StudentSelect<DefaultArgs>'.
api:build: src/modules/reception/reception.service.ts(215,7): error TS2322: Type 'VisitStatus' is not assignable to type 'VisitStatus | EnumVisitStatusFieldUpdateOperationsInput'.
api:build: src/modules/reception/reception.service.ts(221,11): error TS2353: Object literal may only specify known properties, and 'name' does not exist in type 'StudentSelect<DefaultArgs>'.
api:build: src/modules/reception/reception.service.ts(243,5): error TS2322: Type 'PackageStatus' is not assignable to type 'PackageStatus | EnumPackageStatusFilter<"StudentPackage">'.
api:build: src/modules/reception/reception.service.ts(256,11): error TS2353: Object literal may only specify known properties, and 'name' does not exist in type 'StudentSelect<DefaultArgs>'.
api:build: src/modules/reception/reception.service.ts(282,25): error TS2339: Property 'senderPhone' does not exist on type 'CreateStudentPackageInput'.
api:build: src/modules/reception/reception.service.ts(283,25): error TS2339: Property 'description' does not exist on type 'CreateStudentPackageInput'.
api:build: src/modules/reception/reception.service.ts(293,11): error TS2353: Object literal may only specify known properties, and 'name' does not exist in type 'StudentSelect<DefaultArgs>'.
api:build: src/modules/reception/reception.service.ts(317,23): error TS2339: Property 'deliveredTo' does not exist on type 'UpdateStudentPackageInput'.
api:build: src/modules/reception/reception.service.ts(320,37): error TS2339: Property 'DELIVERED' does not exist on type 'typeof PackageStatus'.
api:build: src/modules/reception/reception.service.ts(330,11): error TS2353: Object literal may only specify known properties, and 'name' does not exist in type 'StudentSelect<DefaultArgs>'.
api:build: src/modules/tahfidz/tahfidz.controller.ts(26,49): error TS2345: Argument of type '{ page: number; limit: number; studentId: string; activityType: string; startDate: string; endDate: string; surah: string; }' is not assignable to parameter of type '{ limit?: number; startDate?: string; endDate?: string; page?: number; studentId?: string; activityType?: "ZIYADAH" | "MUROJAAH" | "TASMI" | "ASSESSMENT"; surah?: string; }'.
api:build:   Types of property 'activityType' are incompatible.
api:build:     Type 'string' is not assignable to type '"ZIYADAH" | "MUROJAAH" | "TASMI" | "ASSESSMENT"'.
api:build: src/modules/tahfidz/tahfidz.controller.ts(101,61): error TS2345: Argument of type 'GenerateCertificateInput' is not assignable to parameter of type '{ grade?: string; studentId?: string; notes?: string; completedJuz?: number[]; certificateType?: string; issueDate?: Date; qiraahType?: string; musyrifName?: string; sanadChain?: string; }'.
api:build:   Types of property 'issueDate' are incompatible.
api:build:     Type 'string | Date' is not assignable to type 'Date'.
api:build:       Type 'string' is not assignable to type 'Date'.
api:build: src/modules/takhosus/murojaah.service.ts(92,13): error TS2339: Property 'mistakes' does not exist on type '{ date?: string; status?: string; studentId?: string; notes?: string; surahName?: string; teacherId?: string; qualityScore?: number; juzStart?: number; juzEnd?: number; pagesReviewed?: number; durationMinutes?: number; ... 4 more ...; repetitions?: number; }'.
api:build: src/modules/takhosus/murojaah.service.ts(92,23): error TS2339: Property 'murojaahDate' does not exist on type '{ date?: string; status?: string; studentId?: string; notes?: string; surahName?: string; teacherId?: string; qualityScore?: number; juzStart?: number; juzEnd?: number; pagesReviewed?: number; durationMinutes?: number; ... 4 more ...; repetitions?: number; }'.
api:build: src/modules/takhosus/murojaah.service.ts(108,7): error TS2322: Type '{ murojaahDate: Date; murojaahType: MurojaahType; recordedById: string; enrollmentId: any; halaqohId: any; mistakes: { create: any; }; date?: string; status?: string; studentId?: string; notes?: string; ... 10 more ...; repetitions?: number; }' is not assignable to type '(Without<MurojaahRecordCreateInput, MurojaahRecordUncheckedCreateInput> & MurojaahRecordUncheckedCreateInput) | (Without<...> & MurojaahRecordCreateInput)'.
api:build:   Type '{ murojaahDate: Date; murojaahType: MurojaahType; recordedById: string; enrollmentId: any; halaqohId: any; mistakes: { create: any; }; date?: string; status?: string; studentId?: string; notes?: string; ... 10 more ...; repetitions?: number; }' is not assignable to type 'Without<MurojaahRecordUncheckedCreateInput, MurojaahRecordCreateInput> & MurojaahRecordCreateInput'.
api:build:     Type '{ murojaahDate: Date; murojaahType: MurojaahType; recordedById: string; enrollmentId: any; halaqohId: any; mistakes: { create: any; }; date?: string; status?: string; studentId?: string; notes?: string; ... 10 more ...; repetitions?: number; }' is not assignable to type 'Without<MurojaahRecordUncheckedCreateInput, MurojaahRecordCreateInput>'.
api:build:       Types of property 'studentId' are incompatible.
api:build:         Type 'string' is not assignable to type 'never'.
api:build: src/modules/takhosus/murojaah.service.ts(137,13): error TS2339: Property 'mistakes' does not exist on type '{ date?: string; status?: string; studentId?: string; notes?: string; surahName?: string; teacherId?: string; qualityScore?: number; juzStart?: number; juzEnd?: number; pagesReviewed?: number; durationMinutes?: number; ... 4 more ...; repetitions?: number; }'.
api:build: src/modules/takhosus/murojaah.service.ts(137,23): error TS2339: Property 'murojaahDate' does not exist on type '{ date?: string; status?: string; studentId?: string; notes?: string; surahName?: string; teacherId?: string; qualityScore?: number; juzStart?: number; juzEnd?: number; pagesReviewed?: number; durationMinutes?: number; ... 4 more ...; repetitions?: number; }'.
api:build: src/modules/takhosus/simaan.service.ts(16,26): error TS2345: Argument of type '404' is not assignable to parameter of type 'ErrorCode'.
api:build: src/modules/takhosus/simaan.service.ts(43,45): error TS2353: Object literal may only specify known properties, and 'user' does not exist in type 'UserInclude<DefaultArgs>'.
api:build: src/modules/takhosus/simaan.service.ts(79,47): error TS2353: Object literal may only specify known properties, and 'user' does not exist in type 'UserInclude<DefaultArgs>'.
api:build: src/modules/takhosus/simaan.service.ts(111,45): error TS2353: Object literal may only specify known properties, and 'user' does not exist in type 'UserInclude<DefaultArgs>'.
api:build: src/modules/takhosus/simaan.service.ts(117,26): error TS2345: Argument of type '404' is not assignable to parameter of type 'ErrorCode'.
api:build: src/modules/takhosus/simaan.service.ts(126,26): error TS2345: Argument of type '404' is not assignable to parameter of type 'ErrorCode'.
api:build: src/modules/takhosus/takhosus.routes.ts(16,3): error TS2305: Module '"./takhosus.schema"' has no exported member 'createHalaqohSchema'.
api:build: src/modules/takhosus/takhosus.routes.ts(17,3): error TS2305: Module '"./takhosus.schema"' has no exported member 'updateHalaqohSchema'.
api:build: src/modules/takhosus/takhosus.routes.ts(18,3): error TS2305: Module '"./takhosus.schema"' has no exported member 'createEnrollmentSchema'.
api:build: src/modules/takhosus/takhosus.routes.ts(19,3): error TS2305: Module '"./takhosus.schema"' has no exported member 'updateEnrollmentSchema'.
api:build: src/modules/takhosus/takhosus.routes.ts(21,3): error TS2724: '"./takhosus.schema"' has no exported member named 'updateSanadSchema'. Did you mean 'createSanadSchema'?
api:build: src/modules/takhosus/takhosus.routes.ts(22,3): error TS2305: Module '"./takhosus.schema"' has no exported member 'createTargetSchema'.
api:build: src/modules/takhosus/takhosus.service.ts(4,3): error TS2305: Module '"./takhosus.schema"' has no exported member 'CreateHalaqohInput'.
api:build: src/modules/takhosus/takhosus.service.ts(5,3): error TS2305: Module '"./takhosus.schema"' has no exported member 'UpdateHalaqohInput'.
api:build: src/modules/takhosus/takhosus.service.ts(6,3): error TS2305: Module '"./takhosus.schema"' has no exported member 'CreateEnrollmentInput'.
api:build: src/modules/takhosus/takhosus.service.ts(7,3): error TS2305: Module '"./takhosus.schema"' has no exported member 'UpdateEnrollmentInput'.
api:build: src/modules/takhosus/takhosus.service.ts(9,3): error TS2724: '"./takhosus.schema"' has no exported member named 'UpdateSanadInput'. Did you mean 'CreateSanadInput'?
api:build: src/modules/takhosus/takhosus.service.ts(774,32): error TS2353: Object literal may only specify known properties, and 'user' does not exist in type 'UserSelect<DefaultArgs>'.
api:build: src/modules/takhosus/takhosus.service.ts(782,28): error TS2339: Property 'enrollments' does not exist on type '{ level: number; unitId: string; id: string; code: string; name: string; description: string; isActive: boolean; createdAt: Date; updatedAt: Date; deletedAt: Date; capacity: number; teacherId: string; scheduleDay: HalaqohDay[]; scheduleTime: string; location: string; }'.
api:build: src/modules/takhosus/takhosus.service.ts(783,26): error TS2339: Property 'enrollments' does not exist on type '{ level: number; unitId: string; id: string; code: string; name: string; description: string; isActive: boolean; createdAt: Date; updatedAt: Date; deletedAt: Date; capacity: number; teacherId: string; scheduleDay: HalaqohDay[]; scheduleTime: string; location: string; }'.
api:build: src/modules/takhosus/takhosus.service.ts(783,64): error TS2339: Property 'enrollments' does not exist on type '{ level: number; unitId: string; id: string; code: string; name: string; description: string; isActive: boolean; createdAt: Date; updatedAt: Date; deletedAt: Date; capacity: number; teacherId: string; scheduleDay: HalaqohDay[]; scheduleTime: string; location: string; }'.
api:build: src/modules/takhosus/takhosus.service.ts(787,26): error TS2551: Property 'teacher' does not exist on type '{ level: number; unitId: string; id: string; code: string; name: string; description: string; isActive: boolean; createdAt: Date; updatedAt: Date; deletedAt: Date; capacity: number; teacherId: string; scheduleDay: HalaqohDay[]; scheduleTime: string; location: string; }'. Did you mean 'teacherId'?
api:build: src/modules/takhosus/takhosus.service.ts(788,27): error TS2339: Property 'enrollments' does not exist on type '{ level: number; unitId: string; id: string; code: string; name: string; description: string; isActive: boolean; createdAt: Date; updatedAt: Date; deletedAt: Date; capacity: number; teacherId: string; scheduleDay: HalaqohDay[]; scheduleTime: string; location: string; }'.
api:build: src/modules/takhosus/target.service.ts(2,10): error TS2305: Module '"./takhosus.schema"' has no exported member 'CreateTargetInput'.
api:build: src/modules/takhosus/target.service.ts(2,29): error TS2305: Module '"./takhosus.schema"' has no exported member 'UpdateTargetInput'.
api:build: src/modules/upload/upload.controller.ts(11,37): error TS2345: Argument of type '{ success: false; error: { code: string; message: string; }; }' is not assignable to parameter of type 'ApiResponse<{ url: string; filename: string; mimetype: string; size: number; }>'.
api:build:   Property 'data' is missing in type '{ success: false; error: { code: string; message: string; }; }' but required in type 'ApiResponse<{ url: string; filename: string; mimetype: string; size: number; }>'.
api:build: src/modules/upload/upload.controller.ts(37,35): error TS2345: Argument of type '{ success: false; error: { code: string; message: string; }; }' is not assignable to parameter of type 'ApiResponse<{ url: string; filename: string; mimetype: string; size: number; }>'.
api:build:   Property 'data' is missing in type '{ success: false; error: { code: string; message: string; }; }' but required in type 'ApiResponse<{ url: string; filename: string; mimetype: string; size: number; }>'.
api:build:  ELIFECYCLE  Command failed with exit code 2.
api:build: ERROR: command finished with error: command (/app/apps/api) /home/jules/.nvm/versions/node/v22.22.0/bin/pnpm run build exited (2)
api#build: command (/app/apps/api) /home/jules/.nvm/versions/node/v22.22.0/bin/pnpm run build exited (2)

 Tasks:    1 successful, 3 total
Cached:    1 cached, 3 total
  Time:    1m5.709s
Failed:    api#build

 ERROR  run failed: command  exited (2)
